DataCenter:
Signals (3):
  - s2: [v2, v3, v4]
  - s1: [v1, v2, v3, v4]
  - s3: [v3, v4]
ARMs (2):
  - a1 (displays=2) : [v2, v3, v1]
  - a2 (displays=1) : [v2, v3, v4]
Vframes (4):
  - v1
  - v2
  - v3
  - v4

Testing power 3
VFClusterCheck - Testing vfcluster: [v1, v2, v3]
Selected display d3 for vframe v3
Selected display d1 for vframe v2
Selected display d2 for vframe v1

VFClusterCheck - Testing vfcluster: [v1, v2, v4]
Selected display d3 for vframe v4
Selected display d1 for vframe v2
Selected display d2 for vframe v1

VFClusterCheck - Testing vfcluster: [v1, v3, v4]
Selected display d1 for vframe v3
Selected display d3 for vframe v4
Selected display d2 for vframe v1

VFClusterCheck - Testing vfcluster: [v2, v3, v4]
Selected display d2 for vframe v3
Selected display d3 for vframe v4
Selected display d1 for vframe v2

VClusters:
vframes: [v2, v3, v4]
signals: [Signal(name=s2, videoFrames=[v2, v3, v4]), Signal(name=s1, videoFrames=[v1, v2, v3, v4])]
display assignments: [DisplayAssignment(display=d2, videoframe=v3), DisplayAssignment(display=d1, videoframe=v2), DisplayAssignment(display=d3, videoframe=v4)]

vframes: [v1, v2, v3]
signals: [Signal(name=s1, videoFrames=[v1, v2, v3, v4])]
display assignments: [DisplayAssignment(display=d1, videoframe=v2), DisplayAssignment(display=d3, videoframe=v3), DisplayAssignment(display=d2, videoframe=v1)]

vframes: [v1, v2, v4]
signals: [Signal(name=s1, videoFrames=[v1, v2, v3, v4])]
display assignments: [DisplayAssignment(display=d1, videoframe=v2), DisplayAssignment(display=d2, videoframe=v1), DisplayAssignment(display=d3, videoframe=v4)]

vframes: [v1, v3, v4]
signals: [Signal(name=s1, videoFrames=[v1, v2, v3, v4])]
display assignments: [DisplayAssignment(display=d1, videoframe=v3), DisplayAssignment(display=d2, videoframe=v1), DisplayAssignment(display=d3, videoframe=v4)]

Testing sub-power 2
VFClusterCheck - Testing vfcluster: [v3, v4]
Selected display d1 for vframe v3
Selected display d3 for vframe v4

Update configurations 2 executed.
[v3, v4]
Testing sub-power 1
Testing power 3
No applicable signals found for power 3
Power 3 is empty.
Testing power 2
No applicable signals found for power 2
Power 2 is empty.
Testing power 1
VFClusterCheck - Testing vfcluster: [v1]
No need to test - 1 vframe

VClusters:
vframes: [v1]
signals: [Signal(name=s1, videoFrames=[v1])]
display assignments: [DisplayAssignment(display=d1, videoframe=v1)]


Configuration:
ARM: a1
Video Frames:
v2, v3

ARM: a2
Video Frames:
v4

Signals (3):
s3
s1
s2
-------------------------

Configuration:
ARM: a1
Video Frames:
v1

Signals (1):
s1
-------------------------

Total configurations: 2